Microchip MPLAB XC8 Compiler V2.20

Linker command line:

-W-3 --edf=C:\Program Files\Microchip\xc8\v2.20\pic\dat\en_msgs.txt -cn \
  -h+dist/default/production\Cooler_Control_V2.X.production.sym \
  --cmf=dist/default/production\Cooler_Control_V2.X.production.cmf -z \
  -Q12F675 -oC:\Users\ziatd\AppData\Local\Temp\sea8.2 \
  --defsym=__MPLAB_BUILD=1 \
  -Mdist/default/production/Cooler_Control_V2.X.production.map -E1 \
  -ver=XC8 Compiler --acfsm=1493 -ASTACK=02Bh-05Dh -pstack=STACK \
  -ACODE=00h-03FEh -ASTRCODE=00h-03FEh -ASTRING=00h-0FFhx3,0300h-03FEh \
  -ACONST=00h-0FFhx3,0300h-03FEh -AENTRY=00h-0FFhx3,0300h-03FEh \
  -ABANK0=020h-05Dh -ARAM=020h-05Dh -AABS1=020h-05Fh -ACOMMON=05Eh-05Fh \
  -ASFR0=00h-01Fh -ASFR1=080h-0DDh -ACONFIG=02007h-02007h -DCONFIG=2 \
  -AIDLOC=02000h-02003h -DIDLOC=2 -preset_vec=00h,intentry,init,end_init \
  -ppowerup=CODE -pcinit=CODE -pfunctab=ENTRY -AEEDATA=00h-07Fh/02100h \
  -peeprom_data=EEDATA -DEEDATA=2 -posccal=03FFh -DCODE=2 -DSTRCODE=2 \
  -DSTRING=2 -DCONST=2 -DENTRY=2 -k \
  C:\Users\ziatd\AppData\Local\Temp\sea8.o \
  dist/default/production\Cooler_Control_V2.X.production.o 

Object code version is 3.11

Machine type is 12F675



                Name                               Link     Load   Length Selector   Space Scale
C:\Users\ziatd\AppData\Local\Temp\sea8.o
                end_init                              0        0        1        0       0
                config                             2007     2007        1        0       4
dist/default/production\Cooler_Control_V2.X.production.o
                cinit                               3FD      3FD        2      7FA       0
                config                             2007     2007        1        0       4
                text8                               34F      34F       1A      69E       0
                text7                               369      369       2D      6D2       0
                text6                               396      396       33      72C       0
                text5                               339      339       16      672       0
                text4                               329      329       10      652       0
                text3                               31E      31E        5      63C       0
                text2                               323      323        6      646       0
                text1                               3C9      3C9       34      792       0
                maintext                            31A      31A        4      634       0
                cstackBANK0                          20       20        B       20       1

TOTAL           Name                               Link     Load   Length     Space
        CLASS   STACK          

        CLASS   CODE           
                end_init                              0        0        1         0
                cinit                               3FD      3FD        2         0
                text8                               34F      34F       1A         0
                text7                               369      369       2D         0
                text6                               396      396       33         0
                text5                               339      339       16         0
                text4                               329      329       10         0
                text3                               31E      31E        5         0
                text2                               323      323        6         0
                text1                               3C9      3C9       34         0
                maintext                            31A      31A        4         0

        CLASS   STRCODE        

        CLASS   STRING         

        CLASS   CONST          

        CLASS   ENTRY          

        CLASS   BANK0          
                cstackBANK0                          20       20        B         1

        CLASS   RAM            

        CLASS   ABS1           
                abs_s1                               5E       5E        2         1

        CLASS   COMMON         

        CLASS   SFR0           

        CLASS   SFR1           

        CLASS   CONFIG         
                config                             2007     2007        1         4

        CLASS   IDLOC          

        CLASS   EEDATA         

        CLASS   BANK1          



SEGMENTS        Name                           Load    Length   Top    Selector   Space  Class     Delta

                reset_vec                      000000  000001  000001         0       0  CODE        2
                cstackBANK0                    000020  00000B  00002B        20       1  BANK0       1
                maintext                       00031A  000004  00031E       634       0  CODE        2
                text3                          00031E  000005  000323       63C       0  CODE        2
                text2                          000323  000006  000329       646       0  CODE        2
                text4                          000329  000010  000339       652       0  CODE        2
                text5                          000339  000016  00034F       672       0  CODE        2
                text8                          00034F  00001A  000369       69E       0  CODE        2
                text7                          000369  00002D  000396       6D2       0  CODE        2
                text6                          000396  000033  0003C9       72C       0  CODE        2
                text1                          0003C9  000034  0003FD       792       0  CODE        2
                cinit                          0003FD  000002  0003FF       7FA       0  CODE        2


UNUSED ADDRESS RANGES

        Name                Unused          Largest block    Delta
        BANK0            002B-005D             33           1
        CODE             0001-0319            319           2
        CONST            0001-0319            100           2
        EEDATA           2100-217F             80           2
        ENTRY            0001-0319            100           2
        IDLOC            2000-2003              4           2
        RAM              002B-005D             33           1
        SFR0             0000-001F             20           1
        SFR1             0080-00DD             5E           1
        STACK            002B-005D             33           1
        STRCODE          0001-0319            319           2
        STRING           0001-0319            100           2

                                  Symbol Table

?_ADCConversion           cstackBANK0  0020
ADCConversion@channel     cstackBANK0  0024
VoltageCheck@adcValue     cstackBANK0  0029
VoltageCheck@errorCode    cstackBANK0  0028
_ADCConversion            text6        0396
_ADCON0                   (abs)        001F
_ADFM                     (abs)        00FF
_ADIF                     (abs)        0066
_ADON                     (abs)        00F8
_ADRESH                   (abs)        001E
_ADRESL                   (abs)        009E
_ANSEL                    (abs)        009F
_CHS0                     (abs)        00FA
_CHS1                     (abs)        00FB
_CMCON                    (abs)        0019
_GIE                      (abs)        005F
_GO_nDONE                 (abs)        00F9
_GP2                      (abs)        002A
_GP4                      (abs)        002C
_GP5                      (abs)        002D
_GPIO                     (abs)        0005
_Init_uC                  text7        0369
_LongSound                text8        034F
_PEIE                     (abs)        005E
_ShortSound               text5        0339
_TRISIO                   (abs)        0085
_TRISIO0                  (abs)        0428
_TRISIO1                  (abs)        0429
_TRISIO2                  (abs)        042A
_TRISIO4                  (abs)        042C
_TRISIO5                  (abs)        042D
_TimeOut                  text4        0329
_TwoShortOneLong          text3        031E
_TwoShortTwoLong          text2        0323
_VCFG                     (abs)        00FE
_VRCON                    (abs)        0099
_VoltageCheck             text1        03C9
__Habs1                   abs1         07FE
__Hbank0                  bank0        07FE
__Hbank1                  bank1        07FE
__Hcinit                  cinit        03FF
__Hclrtext                clrtext      07FE
__Hcode                   code         07FE
__Hcommon                 common       07FE
__Hconfig                 config       2008
__HcstackBANK0            cstackBANK0  07FE
__HcstackCOMMON           cstackCOMMON 07FE
__Heeprom_data            eeprom_data  0000
__Hend_init               end_init     0001
__Hfunctab                functab      0000
__Hinit                   init         0000
__Hintentry               intentry     0000
__Hmaintext               maintext     07FE
__Hosccal                 osccal       03FF
__Hpowerup                powerup      0000
__Hram                    ram          07FE
__Hreset_vec              reset_vec    0000
__Hsfr0                   sfr0         07FE
__Hsfr1                   sfr1         07FE
__Hspace_0                (abs)        07FE
__Hspace_1                (abs)        07FE
__Hspace_2                (abs)        0000
__Hspace_3                (abs)        0000
__Hspace_4                (abs)        400F
__Hstack                  stack        0000
__Hstrings                strings      07FE
__Htext                   text         07FE
__Labs1                   abs1         07FE
__Lbank0                  bank0        07FE
__Lbank1                  bank1        07FE
__Lcinit                  cinit        03FD
__Lclrtext                clrtext      07FE
__Lcode                   code         07FE
__Lcommon                 common       07FE
__Lconfig                 config       0000
__LcstackBANK0            cstackBANK0  07FE
__LcstackCOMMON           cstackCOMMON 07FE
__Leeprom_data            eeprom_data  0000
__Lend_init               end_init     0000
__Lfunctab                functab      0000
__Linit                   init         0000
__Lintentry               intentry     0000
__Lmaintext               maintext     07FE
__Losccal                 osccal       03FF
__Lpowerup                powerup      0000
__Lram                    ram          07FE
__Lreset_vec              reset_vec    0000
__Lsfr0                   sfr0         07FE
__Lsfr1                   sfr1         07FE
__Lspace_0                (abs)        0000
__Lspace_1                (abs)        0000
__Lspace_2                (abs)        0000
__Lspace_3                (abs)        0000
__Lspace_4                (abs)        0000
__Lstack                  stack        0000
__Lstrings                strings      07FE
__Ltext                   text         07FE
__S0                      (abs)        03FF
__S1                      (abs)        002B
__S2                      (abs)        0000
__S3                      (abs)        0000
___int_sp                 stack        0000
___latbits                (abs)        0000
___osccal_val             osccal       03FF
___sp                     stack        0000
___stackhi                (abs)        0000
___stacklo                (abs)        0000
__end_of_ADCConversion    text6        03C9
__end_of_Init_uC          text7        0396
__end_of_LongSound        text8        0369
__end_of_ShortSound       text5        034F
__end_of_TimeOut          text4        0339
__end_of_TwoShortOneLong  text3        0323
__end_of_TwoShortTwoLong  text2        0329
__end_of_VoltageCheck     text1        03FD
__end_of__initialization  cinit        03FD
__end_of_main             maintext     031E
__initialization          cinit        03FD
__pcstackBANK0            cstackBANK0  0020
__pcstackCOMMON           cstackCOMMON 0000
__pmaintext               maintext     031A
__ptext1                  text1        03C9
__ptext2                  text2        0323
__ptext3                  text3        031E
__ptext4                  text4        0329
__ptext5                  text5        0339
__ptext6                  text6        0396
__ptext7                  text7        0369
__ptext8                  text8        034F
__size_of_ADCConversion   (abs)        0000
__size_of_Init_uC         (abs)        0000
__size_of_LongSound       (abs)        0000
__size_of_ShortSound      (abs)        0000
__size_of_TimeOut         (abs)        0000
__size_of_TwoShortOneLong (abs)        0000
__size_of_TwoShortTwoLong (abs)        0000
__size_of_VoltageCheck    (abs)        0000
__size_of_main            (abs)        0000
_main                     maintext     031A
btemp                     (abs)        005E
end_of_initialization     cinit        03FD
intlevel0                 functab      0000
intlevel1                 functab      0000
intlevel2                 functab      0000
intlevel3                 functab      0000
intlevel4                 functab      0000
intlevel5                 functab      0000
reset_vec                 reset_vec    0000
start                     init         0000
start_initialization      cinit        03FD
wtemp0                    (abs)        005E


FUNCTION INFORMATION:

 *************** function _main *****************
 Defined at:
		line 48 in file "main.c"
 Parameters:    Size  Location     Type
		None
 Auto vars:     Size  Location     Type
		None
 Return value:  Size  Location     Type
                  1    wreg      void 
 Registers used:
		wreg, fsr0l, fsr0h, status,2, status,0, pclath, cstack
 Tracked objects:
		On entry : 
		On exit  : 
		Unchanged: 
 Data sizes:     COMMON   BANK0
      Params:         0       0
      Locals:         0       0
      Temps:          0       0
      Totals:         0       0
Total ram usage:        0 bytes
 Hardware stack levels required when called:    3
 This function calls:
		_Init_uC
		_VoltageCheck
 This function is called by:
		Startup code after reset
 This function uses a non-reentrant model


 *************** function _VoltageCheck *****************
 Defined at:
		line 37 in file "ADCMeausre.c"
 Parameters:    Size  Location     Type
		None
 Auto vars:     Size  Location     Type
  adcValue        2    9[BANK0 ] unsigned int 
  errorCode       1    8[BANK0 ] unsigned char 
 Return value:  Size  Location     Type
                  1    wreg      void 
 Registers used:
		wreg, fsr0l, fsr0h, status,2, status,0, pclath, cstack
 Tracked objects:
		On entry : 
		On exit  : 
		Unchanged: 
 Data sizes:     COMMON   BANK0
      Params:         0       0
      Locals:         0       3
      Temps:          0       3
      Totals:         0       6
Total ram usage:        6 bytes
 Hardware stack levels used:    1
 Hardware stack levels required when called:    2
 This function calls:
		_ADCConversion
		_TwoShortOneLong
		_TwoShortTwoLong
 This function is called by:
		_main
 This function uses a non-reentrant model


 *************** function _TwoShortTwoLong *****************
 Defined at:
		line 33 in file "sounds.c"
 Parameters:    Size  Location     Type
		None
 Auto vars:     Size  Location     Type
		None
 Return value:  Size  Location     Type
                  1    wreg      void 
 Registers used:
		wreg, status,2, status,0, pclath, cstack
 Tracked objects:
		On entry : 
		On exit  : 
		Unchanged: 
 Data sizes:     COMMON   BANK0
      Params:         0       0
      Locals:         0       0
      Temps:          0       0
      Totals:         0       0
Total ram usage:        0 bytes
 Hardware stack levels used:    1
 Hardware stack levels required when called:    1
 This function calls:
		_LongSound
		_ShortSound
		_TimeOut
 This function is called by:
		_VoltageCheck
 This function uses a non-reentrant model


 *************** function _TwoShortOneLong *****************
 Defined at:
		line 26 in file "sounds.c"
 Parameters:    Size  Location     Type
		None
 Auto vars:     Size  Location     Type
		None
 Return value:  Size  Location     Type
                  1    wreg      void 
 Registers used:
		wreg, status,2, status,0, pclath, cstack
 Tracked objects:
		On entry : 
		On exit  : 
		Unchanged: 
 Data sizes:     COMMON   BANK0
      Params:         0       0
      Locals:         0       0
      Temps:          0       0
      Totals:         0       0
Total ram usage:        0 bytes
 Hardware stack levels used:    1
 Hardware stack levels required when called:    1
 This function calls:
		_LongSound
		_ShortSound
		_TimeOut
 This function is called by:
		_VoltageCheck
 This function uses a non-reentrant model


 *************** function _TimeOut *****************
 Defined at:
		line 20 in file "sounds.c"
 Parameters:    Size  Location     Type
		None
 Auto vars:     Size  Location     Type
		None
 Return value:  Size  Location     Type
                  1    wreg      void 
 Registers used:
		wreg
 Tracked objects:
		On entry : 
		On exit  : 
		Unchanged: 
 Data sizes:     COMMON   BANK0
      Params:         0       0
      Locals:         0       0
      Temps:          0       3
      Totals:         0       3
Total ram usage:        3 bytes
 Hardware stack levels used:    1
 This function calls:
		Nothing
 This function is called by:
		_TwoShortOneLong
		_TwoShortTwoLong
		_ThreeShort
 This function uses a non-reentrant model


 *************** function _ShortSound *****************
 Defined at:
		line 6 in file "sounds.c"
 Parameters:    Size  Location     Type
		None
 Auto vars:     Size  Location     Type
		None
 Return value:  Size  Location     Type
                  1    wreg      void 
 Registers used:
		wreg
 Tracked objects:
		On entry : 
		On exit  : 
		Unchanged: 
 Data sizes:     COMMON   BANK0
      Params:         0       0
      Locals:         0       0
      Temps:          0       2
      Totals:         0       2
Total ram usage:        2 bytes
 Hardware stack levels used:    1
 This function calls:
		Nothing
 This function is called by:
		_TwoShortOneLong
		_TwoShortTwoLong
		_ThreeShort
 This function uses a non-reentrant model


 *************** function _ADCConversion *****************
 Defined at:
		line 11 in file "ADCMeausre.c"
 Parameters:    Size  Location     Type
  channel         1    wreg     unsigned char 
 Auto vars:     Size  Location     Type
  channel         1    4[BANK0 ] unsigned char 
 Return value:  Size  Location     Type
                  2    0[BANK0 ] unsigned int 
 Registers used:
		wreg, fsr0l, fsr0h, status,2, status,0
 Tracked objects:
		On entry : 
		On exit  : 
		Unchanged: 
 Data sizes:     COMMON   BANK0
      Params:         0       2
      Locals:         0       1
      Temps:          0       2
      Totals:         0       5
Total ram usage:        5 bytes
 Hardware stack levels used:    1
 This function calls:
		Nothing
 This function is called by:
		_VoltageCheck
		_TemperatureCheck
 This function uses a non-reentrant model


 *************** function _Init_uC *****************
 Defined at:
		line 9 in file "init_periphery.c"
 Parameters:    Size  Location     Type
		None
 Auto vars:     Size  Location     Type
		None
 Return value:  Size  Location     Type
                  1    wreg      void 
 Registers used:
		wreg, status,2, status,0, pclath, cstack
 Tracked objects:
		On entry : 
		On exit  : 
		Unchanged: 
 Data sizes:     COMMON   BANK0
      Params:         0       0
      Locals:         0       0
      Temps:          0       3
      Totals:         0       3
Total ram usage:        3 bytes
 Hardware stack levels used:    1
 Hardware stack levels required when called:    1
 This function calls:
		_LongSound
 This function is called by:
		_main
 This function uses a non-reentrant model


 *************** function _LongSound *****************
 Defined at:
		line 13 in file "sounds.c"
 Parameters:    Size  Location     Type
		None
 Auto vars:     Size  Location     Type
		None
 Return value:  Size  Location     Type
                  1    wreg      void 
 Registers used:
		wreg
 Tracked objects:
		On entry : 
		On exit  : 
		Unchanged: 
 Data sizes:     COMMON   BANK0
      Params:         0       0
      Locals:         0       0
      Temps:          0       3
      Totals:         0       3
Total ram usage:        3 bytes
 Hardware stack levels used:    1
 This function calls:
		Nothing
 This function is called by:
		_Init_uC
		_TwoShortOneLong
		_TwoShortTwoLong
 This function uses a non-reentrant model



MODULE INFORMATION

Module		Function		Class		Link	Load	Size
sounds.c
		_TimeOut       		CODE           	0329	0000	17
		_TwoShortOneLong		CODE           	031E	0000	6
		_TwoShortTwoLong		CODE           	0323	0000	7
		_ShortSound    		CODE           	0339	0000	23
		_LongSound     		CODE           	034F	0000	27

sounds.c estimated size: 80

init_periphery.c
		_Init_uC       		CODE           	0369	0000	46

init_periphery.c estimated size: 46

shared
		__initialization		CODE           	03FD	0000	1

shared estimated size: 1

ADCMeausre.c
		_ADCConversion 		CODE           	0396	0000	52
		_VoltageCheck  		CODE           	03C9	0000	53

ADCMeausre.c estimated size: 105

main.c
		_main          		CODE           	031A	0000	5

main.c estimated size: 5

