Microchip MPLAB XC8 Compiler V2.20

Linker command line:

-W-3 --edf=C:\Program Files\Microchip\xc8\v2.20\pic\dat\en_msgs.txt -cn \
  -h+dist/default/production\Cooler_Control_V2.X.production.sym \
  --cmf=dist/default/production\Cooler_Control_V2.X.production.cmf -z \
  -Q12F675 -oC:\Users\ziatd\AppData\Local\Temp\s79g.2 \
  --defsym=__MPLAB_BUILD=1 \
  -Mdist/default/production/Cooler_Control_V2.X.production.map -E1 \
  -ver=XC8 Compiler --acfsm=1493 -ASTACK=049h-05Dh -pstack=STACK \
  -ACODE=00h-03FEh -ASTRCODE=00h-03FEh -ASTRING=00h-0FFhx3,0300h-03FEh \
  -ACONST=00h-0FFhx3,0300h-03FEh -AENTRY=00h-0FFhx3,0300h-03FEh \
  -ABANK0=020h-05Dh -ARAM=020h-05Dh -AABS1=020h-05Fh -ACOMMON=05Eh-05Fh \
  -ASFR0=00h-01Fh -ASFR1=080h-0DDh -ACONFIG=02007h-02007h -DCONFIG=2 \
  -AIDLOC=02000h-02003h -DIDLOC=2 -preset_vec=00h,intentry,init,end_init \
  -ppowerup=CODE -pcinit=CODE -pfunctab=ENTRY -AEEDATA=00h-07Fh/02100h \
  -peeprom_data=EEDATA -DEEDATA=2 -posccal=03FFh -DCODE=2 -DSTRCODE=2 \
  -DSTRING=2 -DCONST=2 -DENTRY=2 -k \
  C:\Users\ziatd\AppData\Local\Temp\s79g.o \
  dist/default/production\Cooler_Control_V2.X.production.o 

Object code version is 3.11

Machine type is 12F675



                Name                               Link     Load   Length Selector   Space Scale
C:\Users\ziatd\AppData\Local\Temp\s79g.o
                end_init                              0        0        1        0       0
                config                             2007     2007        1        0       4
dist/default/production\Cooler_Control_V2.X.production.o
                cinit                               3FA      3FA        5      7F4       0
                config                             2007     2007        1        0       4
                text11                              23D      23D       16      47A       0
                text10                              22D      22D       10      45A       0
                text9                               218      218        5      430       0
                text8                               26D      26D       2D      4DA       0
                text7                               29A      29A       2F      534       0
                text6                               2C9      2C9       3F      592       0
                text5                               253      253       1A      4A6       0
                text4                               21D      21D        5      43A       0
                text3                               227      227        6      44E       0
                text2                               362      362       98      6C4       0
                text1                               308      308       5A      610       0
                maintext                            222      222        5      444       0
                cstackBANK0                          20       20       27       20       1
                bssBANK0                             47       47        2       20       1

TOTAL           Name                               Link     Load   Length     Space
        CLASS   STACK          

        CLASS   CODE           
                end_init                              0        0        1         0
                cinit                               3FA      3FA        5         0
                text11                              23D      23D       16         0
                text10                              22D      22D       10         0
                text9                               218      218        5         0
                text8                               26D      26D       2D         0
                text7                               29A      29A       2F         0
                text6                               2C9      2C9       3F         0
                text5                               253      253       1A         0
                text4                               21D      21D        5         0
                text3                               227      227        6         0
                text2                               362      362       98         0
                text1                               308      308       5A         0
                maintext                            222      222        5         0

        CLASS   STRCODE        

        CLASS   STRING         

        CLASS   CONST          

        CLASS   ENTRY          

        CLASS   BANK0          
                cstackBANK0                          20       20       27         1
                bssBANK0                             47       47        2         1

        CLASS   RAM            

        CLASS   ABS1           
                abs_s1                               5E       5E        2         1

        CLASS   COMMON         

        CLASS   SFR0           

        CLASS   SFR1           

        CLASS   CONFIG         
                config                             2007     2007        1         4

        CLASS   IDLOC          

        CLASS   EEDATA         

        CLASS   BANK1          



SEGMENTS        Name                           Load    Length   Top    Selector   Space  Class     Delta

                reset_vec                      000000  000001  000001         0       0  CODE        2
                cstackBANK0                    000020  000029  000049        20       1  BANK0       1
                text9                          000218  000005  00021D       430       0  CODE        2
                text4                          00021D  000005  000222       43A       0  CODE        2
                maintext                       000222  000005  000227       444       0  CODE        2
                text3                          000227  000006  00022D       44E       0  CODE        2
                text10                         00022D  000010  00023D       45A       0  CODE        2
                text11                         00023D  000016  000253       47A       0  CODE        2
                text5                          000253  00001A  00026D       4A6       0  CODE        2
                text8                          00026D  00002D  00029A       4DA       0  CODE        2
                text7                          00029A  00002F  0002C9       534       0  CODE        2
                text6                          0002C9  00003F  000308       592       0  CODE        2
                text1                          000308  00005A  000362       610       0  CODE        2
                text2                          000362  000098  0003FA       6C4       0  CODE        2
                cinit                          0003FA  000005  0003FF       7F4       0  CODE        2


UNUSED ADDRESS RANGES

        Name                Unused          Largest block    Delta
        BANK0            0049-005D             15           1
        CODE             0001-0217            217           2
        CONST            0001-0217            100           2
        EEDATA           2100-217F             80           2
        ENTRY            0001-0217            100           2
        IDLOC            2000-2003              4           2
        RAM              0049-005D             15           1
        SFR0             0000-001F             20           1
        SFR1             0080-00DD             5E           1
        STACK            0049-005D             15           1
        STRCODE          0001-0217            217           2
        STRING           0001-0217            100           2

                                  Symbol Table

?_ADCConversion            cstackBANK0  0020
ADCConversion@channel      cstackBANK0  0024
TemperatureCheck@adcValue  cstackBANK0  0025
VoltageCheck@cnt           cstackBANK0  0045
VoltageCheck@samples       cstackBANK0  0031
_ADCConversion             text7        029A
_ADCON0                    (abs)        001F
_ADFM                      (abs)        00FF
_ADIF                      (abs)        0066
_ADON                      (abs)        00F8
_ADRESH                    (abs)        001E
_ADRESL                    (abs)        009E
_ANSEL                     (abs)        009F
_CHS0                      (abs)        00FA
_CHS1                      (abs)        00FB
_CMCON                     (abs)        0019
_GIE                       (abs)        005F
_GO                        (abs)        00F9
_GP2                       (abs)        002A
_GP4                       (abs)        002C
_GP5                       (abs)        002D
_GPIO                      (abs)        0005
_Init_uC                   text8        026D
_LongSound                 text5        0253
_PEIE                      (abs)        005E
_ShortSound                text11       023D
_TRISIO                    (abs)        0085
_TRISIO0                   (abs)        0428
_TRISIO1                   (abs)        0429
_TRISIO2                   (abs)        042A
_TRISIO4                   (abs)        042C
_TRISIO5                   (abs)        042D
_TemperatureCheck          text6        02C9
_ThreeShort                text9        0218
_TimeOut                   text10       022D
_TwoShortOneLong           text4        021D
_TwoShortTwoLong           text3        0227
_VCFG                      (abs)        00FE
_VRCON                     (abs)        0099
_VoltageCheck              text1        0308
__Habs1                    abs1         07FE
__Hbank0                   bank0        07FE
__Hbank1                   bank1        07FE
__HbssBANK0                bssBANK0     07FE
__Hcinit                   cinit        03FF
__Hclrtext                 clrtext      07FE
__Hcode                    code         07FE
__Hcommon                  common       07FE
__Hconfig                  config       2008
__HcstackBANK0             cstackBANK0  07FE
__HcstackCOMMON            cstackCOMMON 07FE
__Heeprom_data             eeprom_data  0000
__Hend_init                end_init     0001
__Hfunctab                 functab      0000
__Hinit                    init         0000
__Hintentry                intentry     0000
__Hmaintext                maintext     07FE
__Hosccal                  osccal       03FF
__Hpowerup                 powerup      0000
__Hram                     ram          07FE
__Hreset_vec               reset_vec    0000
__Hsfr0                    sfr0         07FE
__Hsfr1                    sfr1         07FE
__Hspace_0                 (abs)        07FE
__Hspace_1                 (abs)        07FE
__Hspace_2                 (abs)        0000
__Hspace_3                 (abs)        0000
__Hspace_4                 (abs)        400F
__Hstack                   stack        0000
__Hstrings                 strings      07FE
__Htext                    text         07FE
__Labs1                    abs1         07FE
__Lbank0                   bank0        07FE
__Lbank1                   bank1        07FE
__LbssBANK0                bssBANK0     07FE
__Lcinit                   cinit        03FA
__Lclrtext                 clrtext      07FE
__Lcode                    code         07FE
__Lcommon                  common       07FE
__Lconfig                  config       0000
__LcstackBANK0             cstackBANK0  07FE
__LcstackCOMMON            cstackCOMMON 07FE
__Leeprom_data             eeprom_data  0000
__Lend_init                end_init     0000
__Lfunctab                 functab      0000
__Linit                    init         0000
__Lintentry                intentry     0000
__Lmaintext                maintext     07FE
__Losccal                  osccal       03FF
__Lpowerup                 powerup      0000
__Lram                     ram          07FE
__Lreset_vec               reset_vec    0000
__Lsfr0                    sfr0         07FE
__Lsfr1                    sfr1         07FE
__Lspace_0                 (abs)        0000
__Lspace_1                 (abs)        0000
__Lspace_2                 (abs)        0000
__Lspace_3                 (abs)        0000
__Lspace_4                 (abs)        0000
__Lstack                   stack        0000
__Lstrings                 strings      07FE
__Ltext                    text         07FE
__S0                       (abs)        03FF
__S1                       (abs)        0049
__S2                       (abs)        0000
__S3                       (abs)        0000
___int_sp                  stack        0000
___latbits                 (abs)        0000
___osccal_val              osccal       03FF
___sp                      stack        0000
___stackhi                 (abs)        0000
___stacklo                 (abs)        0000
__end_of_ADCConversion     text7        02C9
__end_of_Init_uC           text8        029A
__end_of_LongSound         text5        026D
__end_of_ShortSound        text11       0253
__end_of_TemperatureCheck  text6        0308
__end_of_ThreeShort        text9        021D
__end_of_TimeOut           text10       023D
__end_of_TwoShortOneLong   text4        0222
__end_of_TwoShortTwoLong   text3        022D
__end_of_VoltageCheck      text1        0362
__end_of__initialization   cinit        03FD
__end_of_main              maintext     0227
__end_of_sort              text2        03FA
__initialization           cinit        03FA
__pbssBANK0                bssBANK0     0047
__pcstackBANK0             cstackBANK0  0020
__pcstackCOMMON            cstackCOMMON 0000
__pmaintext                maintext     0222
__ptext1                   text1        0308
__ptext10                  text10       022D
__ptext11                  text11       023D
__ptext2                   text2        0362
__ptext3                   text3        0227
__ptext4                   text4        021D
__ptext5                   text5        0253
__ptext6                   text6        02C9
__ptext7                   text7        029A
__ptext8                   text8        026D
__ptext9                   text9        0218
__size_of_ADCConversion    (abs)        0000
__size_of_Init_uC          (abs)        0000
__size_of_LongSound        (abs)        0000
__size_of_ShortSound       (abs)        0000
__size_of_TemperatureCheck (abs)        0000
__size_of_ThreeShort       (abs)        0000
__size_of_TimeOut          (abs)        0000
__size_of_TwoShortOneLong  (abs)        0000
__size_of_TwoShortTwoLong  (abs)        0000
__size_of_VoltageCheck     (abs)        0000
__size_of_main             (abs)        0000
__size_of_sort             (abs)        0000
_adcValue                  bssBANK0     0047
_main                      maintext     0222
_sort                      text2        0362
btemp                      (abs)        005E
end_of_initialization      cinit        03FD
intlevel0                  functab      0000
intlevel1                  functab      0000
intlevel2                  functab      0000
intlevel3                  functab      0000
intlevel4                  functab      0000
intlevel5                  functab      0000
reset_vec                  reset_vec    0000
sort@cntIn                 cstackBANK0  002E
sort@cntOut                cstackBANK0  002B
sort@numOfSamples          cstackBANK0  002D
sort@tmpVal                cstackBANK0  0029
start                      init         0000
start_initialization       cinit        03FA
wtemp0                     (abs)        005E


FUNCTION INFORMATION:

 *************** function _main *****************
 Defined at:
		line 48 in file "main.c"
 Parameters:    Size  Location     Type
		None
 Auto vars:     Size  Location     Type
		None
 Return value:  Size  Location     Type
                  1    wreg      void 
 Registers used:
		wreg, fsr0l, fsr0h, status,2, status,0, btemp+1, pclath, cstack
 Tracked objects:
		On entry : 
		On exit  : 
		Unchanged: 
 Data sizes:     COMMON   BANK0
      Params:         0       0
      Locals:         0       0
      Temps:          0       0
      Totals:         0       0
Total ram usage:        0 bytes
 Hardware stack levels required when called:    3
 This function calls:
		_Init_uC
		_TemperatureCheck
		_VoltageCheck
 This function is called by:
		Startup code after reset
 This function uses a non-reentrant model


 *************** function _VoltageCheck *****************
 Defined at:
		line 51 in file "ADCMeausre.c"
 Parameters:    Size  Location     Type
		None
 Auto vars:     Size  Location     Type
  cnt             2   37[BANK0 ] int 
  samples        20   17[BANK0 ] int [10]
 Return value:  Size  Location     Type
                  1    wreg      void 
 Registers used:
		wreg, fsr0l, fsr0h, status,2, status,0, btemp+1, pclath, cstack
 Tracked objects:
		On entry : 
		On exit  : 
		Unchanged: 
 Data sizes:     COMMON   BANK0
      Params:         0       0
      Locals:         0      22
      Temps:          0       1
      Totals:         0      23
Total ram usage:       23 bytes
 Hardware stack levels used:    1
 Hardware stack levels required when called:    2
 This function calls:
		_ADCConversion
		_TwoShortOneLong
		_TwoShortTwoLong
		_sort
 This function is called by:
		_main
 This function uses a non-reentrant model


 *************** function _sort *****************
 Defined at:
		line 11 in file "ADCMeausre.c"
 Parameters:    Size  Location     Type
  numOfSamples    1    wreg     PTR int 
		 -> VoltageCheck@samples(20), 
 Auto vars:     Size  Location     Type
  numOfSamples    1   13[BANK0 ] PTR int 
		 -> VoltageCheck@samples(20), 
  tmpVal          2    9[BANK0 ] int 
  cntIn           2   14[BANK0 ] int 
  cntOut          2   11[BANK0 ] int 
 Return value:  Size  Location     Type
                  1    wreg      void 
 Registers used:
		wreg, fsr0l, fsr0h, status,2, status,0, btemp+1
 Tracked objects:
		On entry : 
		On exit  : 
		Unchanged: 
 Data sizes:     COMMON   BANK0
      Params:         0       0
      Locals:         0       7
      Temps:          0       9
      Totals:         0      16
Total ram usage:       16 bytes
 Hardware stack levels used:    1
 This function calls:
		Nothing
 This function is called by:
		_VoltageCheck
 This function uses a non-reentrant model


 *************** function _TwoShortTwoLong *****************
 Defined at:
		line 33 in file "sounds.c"
 Parameters:    Size  Location     Type
		None
 Auto vars:     Size  Location     Type
		None
 Return value:  Size  Location     Type
                  1    wreg      void 
 Registers used:
		wreg, status,2, status,0, pclath, cstack
 Tracked objects:
		On entry : 
		On exit  : 
		Unchanged: 
 Data sizes:     COMMON   BANK0
      Params:         0       0
      Locals:         0       0
      Temps:          0       0
      Totals:         0       0
Total ram usage:        0 bytes
 Hardware stack levels used:    1
 Hardware stack levels required when called:    1
 This function calls:
		_LongSound
		_ShortSound
		_TimeOut
 This function is called by:
		_VoltageCheck
 This function uses a non-reentrant model


 *************** function _TwoShortOneLong *****************
 Defined at:
		line 26 in file "sounds.c"
 Parameters:    Size  Location     Type
		None
 Auto vars:     Size  Location     Type
		None
 Return value:  Size  Location     Type
                  1    wreg      void 
 Registers used:
		wreg, status,2, status,0, pclath, cstack
 Tracked objects:
		On entry : 
		On exit  : 
		Unchanged: 
 Data sizes:     COMMON   BANK0
      Params:         0       0
      Locals:         0       0
      Temps:          0       0
      Totals:         0       0
Total ram usage:        0 bytes
 Hardware stack levels used:    1
 Hardware stack levels required when called:    1
 This function calls:
		_LongSound
		_ShortSound
		_TimeOut
 This function is called by:
		_VoltageCheck
 This function uses a non-reentrant model


 *************** function _LongSound *****************
 Defined at:
		line 13 in file "sounds.c"
 Parameters:    Size  Location     Type
		None
 Auto vars:     Size  Location     Type
		None
 Return value:  Size  Location     Type
                  1    wreg      void 
 Registers used:
		wreg
 Tracked objects:
		On entry : 
		On exit  : 
		Unchanged: 
 Data sizes:     COMMON   BANK0
      Params:         0       0
      Locals:         0       0
      Temps:          0       3
      Totals:         0       3
Total ram usage:        3 bytes
 Hardware stack levels used:    1
 This function calls:
		Nothing
 This function is called by:
		_TwoShortOneLong
		_TwoShortTwoLong
 This function uses a non-reentrant model


 *************** function _TemperatureCheck *****************
 Defined at:
		line 82 in file "ADCMeausre.c"
 Parameters:    Size  Location     Type
		None
 Auto vars:     Size  Location     Type
  adcValue        2    5[BANK0 ] unsigned int 
 Return value:  Size  Location     Type
                  1    wreg      void 
 Registers used:
		wreg, fsr0l, fsr0h, status,2, status,0, pclath, cstack
 Tracked objects:
		On entry : 
		On exit  : 
		Unchanged: 
 Data sizes:     COMMON   BANK0
      Params:         0       0
      Locals:         0       2
      Temps:          0       0
      Totals:         0       2
Total ram usage:        2 bytes
 Hardware stack levels used:    1
 Hardware stack levels required when called:    2
 This function calls:
		_ADCConversion
		_ThreeShort
 This function is called by:
		_main
 This function uses a non-reentrant model


 *************** function _ADCConversion *****************
 Defined at:
		line 23 in file "ADCMeausre.c"
 Parameters:    Size  Location     Type
  channel         1    wreg     unsigned char 
 Auto vars:     Size  Location     Type
  channel         1    4[BANK0 ] unsigned char 
 Return value:  Size  Location     Type
                  2    0[BANK0 ] unsigned int 
 Registers used:
		wreg, fsr0l, fsr0h, status,2, status,0
 Tracked objects:
		On entry : 
		On exit  : 
		Unchanged: 
 Data sizes:     COMMON   BANK0
      Params:         0       2
      Locals:         0       1
      Temps:          0       2
      Totals:         0       5
Total ram usage:        5 bytes
 Hardware stack levels used:    1
 This function calls:
		Nothing
 This function is called by:
		_VoltageCheck
		_TemperatureCheck
 This function uses a non-reentrant model


 *************** function _Init_uC *****************
 Defined at:
		line 9 in file "init_periphery.c"
 Parameters:    Size  Location     Type
		None
 Auto vars:     Size  Location     Type
		None
 Return value:  Size  Location     Type
                  1    wreg      void 
 Registers used:
		wreg, status,2, status,0, pclath, cstack
 Tracked objects:
		On entry : 
		On exit  : 
		Unchanged: 
 Data sizes:     COMMON   BANK0
      Params:         0       0
      Locals:         0       0
      Temps:          0       3
      Totals:         0       3
Total ram usage:        3 bytes
 Hardware stack levels used:    1
 Hardware stack levels required when called:    2
 This function calls:
		_ThreeShort
 This function is called by:
		_main
 This function uses a non-reentrant model


 *************** function _ThreeShort *****************
 Defined at:
		line 42 in file "sounds.c"
 Parameters:    Size  Location     Type
		None
 Auto vars:     Size  Location     Type
		None
 Return value:  Size  Location     Type
                  1    wreg      void 
 Registers used:
		wreg, status,2, status,0, pclath, cstack
 Tracked objects:
		On entry : 
		On exit  : 
		Unchanged: 
 Data sizes:     COMMON   BANK0
      Params:         0       0
      Locals:         0       0
      Temps:          0       0
      Totals:         0       0
Total ram usage:        0 bytes
 Hardware stack levels used:    1
 Hardware stack levels required when called:    1
 This function calls:
		_ShortSound
		_TimeOut
 This function is called by:
		_Init_uC
		_TemperatureCheck
 This function uses a non-reentrant model


 *************** function _TimeOut *****************
 Defined at:
		line 20 in file "sounds.c"
 Parameters:    Size  Location     Type
		None
 Auto vars:     Size  Location     Type
		None
 Return value:  Size  Location     Type
                  1    wreg      void 
 Registers used:
		wreg
 Tracked objects:
		On entry : 
		On exit  : 
		Unchanged: 
 Data sizes:     COMMON   BANK0
      Params:         0       0
      Locals:         0       0
      Temps:          0       3
      Totals:         0       3
Total ram usage:        3 bytes
 Hardware stack levels used:    1
 This function calls:
		Nothing
 This function is called by:
		_TwoShortOneLong
		_TwoShortTwoLong
		_ThreeShort
 This function uses a non-reentrant model


 *************** function _ShortSound *****************
 Defined at:
		line 6 in file "sounds.c"
 Parameters:    Size  Location     Type
		None
 Auto vars:     Size  Location     Type
		None
 Return value:  Size  Location     Type
                  1    wreg      void 
 Registers used:
		wreg
 Tracked objects:
		On entry : 
		On exit  : 
		Unchanged: 
 Data sizes:     COMMON   BANK0
      Params:         0       0
      Locals:         0       0
      Temps:          0       2
      Totals:         0       2
Total ram usage:        2 bytes
 Hardware stack levels used:    1
 This function calls:
		Nothing
 This function is called by:
		_TwoShortOneLong
		_TwoShortTwoLong
		_ThreeShort
 This function uses a non-reentrant model



MODULE INFORMATION

Module		Function		Class		Link	Load	Size
sounds.c
		_TimeOut       		CODE           	022D	0000	17
		_ThreeShort    		CODE           	0218	0000	6
		_TwoShortOneLong		CODE           	021D	0000	6
		_TwoShortTwoLong		CODE           	0227	0000	7
		_ShortSound    		CODE           	023D	0000	23
		_LongSound     		CODE           	0253	0000	27

sounds.c estimated size: 86

init_periphery.c
		_Init_uC       		CODE           	026D	0000	46

init_periphery.c estimated size: 46

shared
		__initialization		CODE           	03FA	0000	4

shared estimated size: 4

ADCMeausre.c
		_ADCConversion 		CODE           	029A	0000	48
		_sort          		CODE           	0362	0000	153
		_VoltageCheck  		CODE           	0308	0000	91
		_TemperatureCheck		CODE           	02C9	0000	64

ADCMeausre.c estimated size: 356

main.c
		_main          		CODE           	0222	0000	6

main.c estimated size: 6

